-------------------------------------------------------------------------------
There are messages associated with the following module(s):
-------------------------------------------------------------------------------

cuda/11.1.1:
   Warning - This module has been deprecated and is scheduled for removal.
   Please transition to a module from the production pool instead.

-------------------------------------------------------------------------------

rm -f render
rm -f *.o
g++ -Wall -O3 -std=c++20 -m64 -I. -fopenmp  -o render main.cpp material.cpp scenes.cpp
mpic++ -Wall -O3 -std=c++20 -m64 -I. -DP_MPI=1 -c -o main.o main.cpp
mpic++ -Wall -O3 -std=c++20 -m64 -I. -DP_MPI=1 -c -o material.o material.cpp
mpic++ -Wall -O3 -std=c++20 -m64 -I. -DP_MPI=1 -c -o scenes.o scenes.cpp
mpic++ -Wall -O3 -std=c++20 -m64 -I. -DP_MPI=1 -o render_mpi main.o material.o scenes.o
# OMP PSC ########################################################
### materials ###############################
rendering scene: materials
threads: 1
image_width: 640
samples_per_pixel: 64
Computation time (materials): 26.4477951130 s
Total time: 26.4479556650 s

rendering scene: materials
threads: 2
image_width: 640
samples_per_pixel: 64
Computation time (materials): 15.8955830600 s
Total time: 15.8958483890 s

rendering scene: materials
threads: 4
image_width: 640
samples_per_pixel: 64
Computation time (materials): 12.1723590250 s
Total time: 12.1727925780 s

rendering scene: materials
threads: 8
image_width: 640
samples_per_pixel: 64
Computation time (materials): 11.4811124300 s
Total time: 11.4822595210 s

rendering scene: materials
threads: 16
image_width: 640
samples_per_pixel: 64
Computation time (materials): 9.8971342820 s
Total time: 9.8979247840 s

rendering scene: materials
threads: 32
image_width: 640
samples_per_pixel: 64
Computation time (materials): 9.1746501480 s
Total time: 9.1753776030 s

rendering scene: materials
threads: 64
image_width: 640
samples_per_pixel: 64
Computation time (materials): 5.7550812030 s
Total time: 5.7554866430 s

===========
### grid ###############################
rendering scene: grid
threads: 1
image_width: 640
samples_per_pixel: 64
Computation time (grid): 17.5526739950 s
Total time: 17.5528283940 s

rendering scene: grid
threads: 2
image_width: 640
samples_per_pixel: 64
Computation time (grid): 10.3000257870 s
Total time: 10.3003701820 s

rendering scene: grid
threads: 4
image_width: 640
samples_per_pixel: 64
Computation time (grid): 7.5437093340 s
Total time: 7.5440695190 s

rendering scene: grid
threads: 8
image_width: 640
samples_per_pixel: 64
Computation time (grid): 7.0934177170 s
Total time: 7.0939523010 s

rendering scene: grid
threads: 16
image_width: 640
samples_per_pixel: 64
Computation time (grid): 5.9879768550 s
Total time: 5.9885974390 s

rendering scene: grid
threads: 32
image_width: 640
samples_per_pixel: 64
Computation time (grid): 5.3903579720 s
Total time: 5.3915388270 s

rendering scene: grid
threads: 64
image_width: 640
samples_per_pixel: 64
Computation time (grid): 3.4911967650 s
Total time: 3.4918717600 s

===========
### biglittle ###############################
rendering scene: biglittle
threads: 1
image_width: 640
samples_per_pixel: 64
Computation time (biglittle): 132.5240178950 s
Total time: 132.5244197980 s

rendering scene: biglittle
threads: 2
image_width: 640
samples_per_pixel: 64
Computation time (biglittle): 68.0844593460 s
Total time: 68.0847322670 s

rendering scene: biglittle
threads: 4
image_width: 640
samples_per_pixel: 64
Computation time (biglittle): 34.6082513990 s
Total time: 34.6085716890 s

rendering scene: biglittle
threads: 8
image_width: 640
samples_per_pixel: 64
Computation time (biglittle): 17.4716996140 s
Total time: 17.4722816740 s

rendering scene: biglittle
threads: 16
image_width: 640
samples_per_pixel: 64
Computation time (biglittle): 9.2222899330 s
Total time: 9.2227898580 s

rendering scene: biglittle
threads: 32
image_width: 640
samples_per_pixel: 64
Computation time (biglittle): 6.6677576750 s
Total time: 6.6684498500 s

rendering scene: biglittle
threads: 64
image_width: 640
samples_per_pixel: 64
Computation time (biglittle): 4.4943995380 s
Total time: 4.4949956540 s

===========
### color_grid ###############################
rendering scene: color_grid
threads: 1
image_width: 640
samples_per_pixel: 64
Computation time (color_grid): 226.5172384620 s
Total time: 226.5175088280 s

rendering scene: color_grid
threads: 2
image_width: 640
samples_per_pixel: 64
Computation time (color_grid): 114.9253890320 s
Total time: 114.9257029600 s

rendering scene: color_grid
threads: 4
image_width: 640
samples_per_pixel: 64
Computation time (color_grid): 57.7122529530 s
Total time: 57.7127793980 s

rendering scene: color_grid
threads: 8
image_width: 640
samples_per_pixel: 64
Computation time (color_grid): 29.0033397710 s
Total time: 29.0036556320 s

rendering scene: color_grid
threads: 16
image_width: 640
samples_per_pixel: 64
Computation time (color_grid): 14.6908529170 s
Total time: 14.6914908220 s

rendering scene: color_grid
threads: 32
image_width: 640
samples_per_pixel: 64
Computation time (color_grid): 7.9101890120 s
Total time: 7.9104472460 s

rendering scene: color_grid
threads: 64
image_width: 640
samples_per_pixel: 64
Computation time (color_grid): 4.7212893350 s
Total time: 4.7221645440 s

===========
# MPI PSC ########################################################
### materials ###############################
rendering scene: materials
threads: 1
threads: 1
image_width: 640
samples_per_pixel: 64
Computation time (materials): 26.1649583950 s
Total time: 26.4997520960 s

rendering scene: materials
threads: 2
threads: 2
image_width: 640
samples_per_pixel: 64
Computation time (materials): 13.0211874820 s
Total time: 13.4118424850 s

rendering scene: materials
threads: 4
threads: 4
image_width: 640
samples_per_pixel: 64
Computation time (materials): 6.5173418340 s
Total time: 6.9607489600 s

rendering scene: materials
threads: 8
threads: 8
image_width: 640
samples_per_pixel: 64
Computation time (materials): 3.2763196200 s
Total time: 3.8237039360 s

rendering scene: materials
threads: 16
threads: 16
image_width: 640
samples_per_pixel: 64
Computation time (materials): 1.6555742500 s
Total time: 2.3112576490 s

rendering scene: materials
threads: 32
threads: 32
image_width: 640
samples_per_pixel: 64
Computation time (materials): 0.8398850230 s
Total time: 2.1086792230 s

rendering scene: materials
threads: 64
threads: 64
image_width: 640
samples_per_pixel: 64
Computation time (materials): 0.4251127480 s
Total time: 2.1166958850 s

===========
### grid ###############################
rendering scene: grid
threads: 1
threads: 1
image_width: 640
samples_per_pixel: 64
Computation time (grid): 17.4173219700 s
Total time: 17.6758264900 s

rendering scene: grid
threads: 2
threads: 2
image_width: 640
samples_per_pixel: 64
Computation time (grid): 8.6728138200 s
Total time: 9.0443211910 s

rendering scene: grid
threads: 4
threads: 4
image_width: 640
samples_per_pixel: 64
Computation time (grid): 4.3461341050 s
Total time: 4.7723341180 s

rendering scene: grid
threads: 8
threads: 8
image_width: 640
samples_per_pixel: 64
Computation time (grid): 2.1654286190 s
Total time: 2.6837152590 s

rendering scene: grid
threads: 16
threads: 16
image_width: 640
samples_per_pixel: 64
Computation time (grid): 1.1065338520 s
Total time: 1.7689359730 s

rendering scene: grid
threads: 32
threads: 32
image_width: 640
samples_per_pixel: 64
Computation time (grid): 0.5552547140 s
Total time: 1.8691205520 s

rendering scene: grid
threads: 64
threads: 64
image_width: 640
samples_per_pixel: 64
Computation time (grid): 0.2874988110 s
Total time: 1.9701166410 s

===========
### biglittle ###############################
rendering scene: biglittle
threads: 1
threads: 1
image_width: 640
samples_per_pixel: 64
Computation time (biglittle): 130.7012840130 s
Total time: 130.9553493550 s

rendering scene: biglittle
threads: 2
threads: 2
image_width: 640
samples_per_pixel: 64
Computation time (biglittle): 65.0877281790 s
Total time: 65.4649459600 s

rendering scene: biglittle
threads: 4
threads: 4
image_width: 640
samples_per_pixel: 64
Computation time (biglittle): 32.8738813520 s
Total time: 33.3071380900 s

rendering scene: biglittle
threads: 8
threads: 8
image_width: 640
samples_per_pixel: 64
Computation time (biglittle): 16.3270001330 s
Total time: 16.8463309300 s

rendering scene: biglittle
threads: 16
threads: 16
image_width: 640
samples_per_pixel: 64
Computation time (biglittle): 8.2702943180 s
Total time: 8.9244720430 s

rendering scene: biglittle
threads: 32
threads: 32
image_width: 640
samples_per_pixel: 64
Computation time (biglittle): 4.1494149770 s
Total time: 5.4041567410 s

rendering scene: biglittle
threads: 64
threads: 64
image_width: 640
samples_per_pixel: 64
Computation time (biglittle): 2.1332936120 s
Total time: 3.7454302680 s

===========
### color_grid ###############################
rendering scene: color_grid
threads: 1
threads: 1
image_width: 640
samples_per_pixel: 64
Computation time (color_grid): 229.6354849820 s
Total time: 229.9014712180 s

rendering scene: color_grid
threads: 2
threads: 2
image_width: 640
samples_per_pixel: 64
Computation time (color_grid): 113.3305972580 s
Total time: 113.7137260150 s

rendering scene: color_grid
threads: 4
threads: 4
image_width: 640
samples_per_pixel: 64
Computation time (color_grid): 56.9986433240 s
Total time: 57.4266063350 s

rendering scene: color_grid
threads: 8
threads: 8
image_width: 640
samples_per_pixel: 64
Computation time (color_grid): 28.4057282950 s
Total time: 28.9418617570 s

rendering scene: color_grid
threads: 16
threads: 16
image_width: 640
samples_per_pixel: 64
Computation time (color_grid): 14.3434213240 s
Total time: 15.0150163950 s

rendering scene: color_grid
threads: 32
threads: 32
image_width: 640
samples_per_pixel: 64
Computation time (color_grid): 7.3033938640 s
Total time: 8.5227126820 s

rendering scene: color_grid
threads: 64
threads: 64
image_width: 640
samples_per_pixel: 64
Computation time (color_grid): 3.7072466740 s
Total time: 5.4172492780 s

===========
