rm -f render
rm -f *.o
g++ -Wall -O3 -std=c++20 -m64 -I. -fopenmp  -o render main.cpp material.cpp scenes.cpp
# OMP PSC ########################################################
### materials ###############################
rendering scene: materials
threads: 8
image_width: 640
samples_per_pixel: 64
Computation time (materials): 11.1278877120 s
Total time: 11.1287240880 s

rendering scene: materials
threads: 32
image_width: 640
samples_per_pixel: 64
Computation time (materials): 9.3527981750 s
Total time: 9.3535101180 s

rendering scene: materials
threads: 64
image_width: 640
samples_per_pixel: 64
Computation time (materials): 5.9965971450 s
Total time: 5.9971740260 s

===========
### grid ###############################
rendering scene: grid
threads: 8
image_width: 640
samples_per_pixel: 64
Computation time (grid): 4.4616567630 s
Total time: 4.4620939220 s

rendering scene: grid
threads: 32
image_width: 640
samples_per_pixel: 64
Computation time (grid): 4.3892829050 s
Total time: 4.3901322360 s

rendering scene: grid
threads: 64
image_width: 640
samples_per_pixel: 64
Computation time (grid): 3.1299438330 s
Total time: 3.1303999680 s

===========
### biglittle ###############################
rendering scene: biglittle
threads: 8
image_width: 640
samples_per_pixel: 64
Computation time (biglittle): 5.2745152720 s
Total time: 5.2761362980 s

rendering scene: biglittle
threads: 32
image_width: 640
samples_per_pixel: 64
Computation time (biglittle): 4.5666473700 s
Total time: 4.5678735280 s

rendering scene: biglittle
threads: 64
image_width: 640
samples_per_pixel: 64
Computation time (biglittle): 3.3621261440 s
Total time: 3.3637104120 s

===========
### color_grid ###############################
rendering scene: color_grid
threads: 8
image_width: 640
samples_per_pixel: 64
Computation time (color_grid): 5.4200316070 s
Total time: 5.4206717860 s

rendering scene: color_grid
threads: 32
image_width: 640
samples_per_pixel: 64
Computation time (color_grid): 4.1264529950 s
Total time: 4.1270593610 s

rendering scene: color_grid
threads: 64
image_width: 640
samples_per_pixel: 64
Computation time (color_grid): 3.0122827070 s
Total time: 3.0129326050 s

===========
### simple ###############################
rendering scene: simple
threads: 8
image_width: 640
samples_per_pixel: 64
Computation time (simple): 3.1867406670 s
Total time: 3.1873991500 s

rendering scene: simple
threads: 32
image_width: 640
samples_per_pixel: 64
Computation time (simple): 3.0131515760 s
Total time: 3.0138025760 s

rendering scene: simple
threads: 64
image_width: 640
samples_per_pixel: 64
Computation time (simple): 2.8036458310 s
Total time: 2.8040608780 s

===========
